==============================================================================================================
[A] tasks 전체 컬럼 dump
==============================================================================================================

  YS-260518-076: NOT FOUND

  YS-260517-028: NOT FOUND

[YS-260507-023] 이보배 (status=취소)
  scheduled_at         : 2026-05-15T04:00:00+00:00
  started_at           : NULL
  completed_at         : 2026-05-14T15:00:00+00:00
  created_at           : 2026-05-20T06:34:53.566953+00:00
  updated_at           : 2026-05-26T15:02:48.264325+00:00
  assigned_engineer_id : 77777777...
  external_order_no    : 2026050734184791
  product_price        : 130700
  partial_reason       : NULL
  partial_memo         : NULL
  cancel_engineer_comp_kind   : NULL
  cancel_engineer_comp_amount : 0
  category_data        : {}

==============================================================================================================
[B/C] task_changes + status_history (status 변경 이력)
==============================================================================================================

[YS-260507-023] 이보배
  task_changes 조회 실패: column task_changes.created_at does not exist
  status_history: 0건

==============================================================================================================
[E] 같은 증상 — status='취소' AND (completed_at IS NOT NULL OR started_at IS NOT NULL)
==============================================================================================================
  3건
    2026-05-24 | YS-N-260525-001 | 테스트 | started=2026-05-24 | done=— | updated=2026-05-24 | eng=77777777 | pp=200000
    2026-05-20 | YS-260514-056 | 김민정 | started=— | done=2026-05-19 | updated=2026-05-26 | eng=77777777 | pp=0
    2026-05-15 | YS-260507-023 | 이보배 | started=— | done=2026-05-14 | updated=2026-05-26 | eng=77777777 | pp=130700
