전체 usol_n task_items: 1481행

====================================================================================================
회귀 검증 — 새 로직을 기존 데이터에 시뮬레이션
====================================================================================================
[5/24 이전 (기대: 변경 0건)] 1322행
  변화 없음 (qty>=2 + cp 있음 + 판정 false): 132행
  skip (qty<2 또는 cp 없음 — 분기 안 탐): 1190행
  ★ 변경 발생: 0행

[5/25 이후 (기대: 13건 정정)] 159행
  변화 없음 (qty>=2 + cp 있음 + 판정 false): 0행
  skip (qty<2 또는 cp 없음 — 분기 안 탐): 146행
  ★ 변경 발생: 13행

====================================================================================================
판정 — 회귀 안전성
====================================================================================================
  ✓ 5/24 이전 정상 데이터 0건 변경 — 회귀 안전

  ✓ 5/25 이후 13건 정정 — 진단과 정확히 일치

  5/25 이후 정정 예상 (각 행 dump):
    YS-N-260525-007 | qty=5 | up: 449993 → 89999 | subtotal: 2,249,965 → 449,995 | 보정액 ₩1,799,970
    YS-N-260525-030 | qty=3 | up: 219395 → 73132 | subtotal: 658,185 → 219,396 | 보정액 ₩438,789
    YS-N-260525-032 | qty=2 | up: 126735 → 63368 | subtotal: 253,470 → 126,736 | 보정액 ₩126,734
    YS-N-260525-041 | qty=2 | up: 18888 → 9444 | subtotal: 37,776 → 18,888 | 보정액 ₩18,888
    YS-N-260525-045 | qty=3 | up: 28332 → 9444 | subtotal: 84,996 → 28,332 | 보정액 ₩56,664
    YS-N-260525-045 | qty=2 | up: 140240 → 70120 | subtotal: 280,480 → 140,240 | 보정액 ₩140,240
    YS-N-260526-005 | qty=2 | up: 140239 → 70120 | subtotal: 280,478 → 140,240 | 보정액 ₩140,238
    YS-N-260526-004 | qty=2 | up: 140239 → 70120 | subtotal: 280,478 → 140,240 | 보정액 ₩140,238
    YS-N-260526-008 | qty=2 | up: 178014 → 89007 | subtotal: 356,028 → 178,014 | 보정액 ₩178,014
    YS-N-260526-013 | qty=2 | up: 178014 → 89007 | subtotal: 356,028 → 178,014 | 보정액 ₩178,014
    YS-N-260526-014 | qty=5 | up: 358861 → 71772 | subtotal: 1,794,305 → 358,860 | 보정액 ₩1,435,445
    YS-N-260526-027 | qty=2 | up: 140239 → 70120 | subtotal: 280,478 → 140,240 | 보정액 ₩140,238
    YS-N-260526-039 | qty=3 | up: 271979 → 90660 | subtotal: 815,937 → 271,980 | 보정액 ₩543,957
