usol_n tasks: 992건
task_items: 0행

[시기 분기 — task.created_at 기준 cut=2026-05-25T00:00:00Z]
  5/24 이전 items: 0행
  5/25 이후 items: 0행

====================================================================================================
[A] 시기별 qty>=2 대조
====================================================================================================
5/24 이전 qty>=2: 0행  /  이중곱 0  /  정상 0  /  cp없음 0
5/25 이후 qty>=2: 0행  /  이중곱 0  /  정상 0  /  cp없음 0

====================================================================================================
[B] ★ 5/25 이후 qty>=2 — 전부 이중곱인가 일부만인가
====================================================================================================
  5/25 이후 qty>=2 행 0개

  [5/24 이전 정상 샘플] (10건):

====================================================================================================
[D] 5/25 이후 이중곱 task의 주문 단위 합계
====================================================================================================

====================================================================================================
[C] INSERT 경로 추적 — 의심 행 metadata
====================================================================================================
  5/25 이후 이중곱 13행 metadata 분석:
    external_item_no 있음(bulkInsertUsolNOrders 경로): 0행
    external_item_no 없음                            : 0행

  샘플 5건:

  [대조] 5/24 이전 정상 qty>=2 행 metadata 샘플 (5건):
    external_item_no 있음: 0행 / 없음: 0행
