==============================================================================================================
usol_n 정산 금액 이중곱 진단 — 전체 13행 dump
==============================================================================================================
전체 qty>=2 usol_n task_items: 149행
이중곱 의심 행 (unit_price > customer_paid/qty): 13행

──────────────────────────────────────────────────────────────────────────────────────────────────────────────
의심 행 전체 dump
──────────────────────────────────────────────────────────────────────────────────────────────────────────────

[1/13] YS-N-260525-007  (유준상)
     task_id        : c9cb8856-91dc-499d-aee7-25273688958f
     status         : 확정
     completed_at   : (아님)
     created_at     : 2026-05-25T08:13:20.287341+00:00
     external_order : 2026052544337301
     qty            : 5
     unit_price     : ₩449,993   ← 의심: 수량 합계 값
     subtotal (DB)  : ₩2,249,965   ← 현재 (unit_price × qty 이중곱)
     customer_paid  : ₩476,500   (수량 합계, 고객 결제액)
     customer_paid/qty(1대): ₩95,300
     unit_price - cp/qty   : ₩354,693   (양수 = 이중곱 신호)
     정정 추정 subtotal    : ₩449,993
     부풀어 오른 금액      : ₩1,799,972

[2/13] YS-N-260525-030  (정재현)
     task_id        : b6ea7d6c-9fbd-490a-886f-eb5464e0afe3
     status         : 배정
     completed_at   : (아님)
     created_at     : 2026-05-25T08:13:22.678452+00:00
     external_order : 2026052433611921
     qty            : 3
     unit_price     : ₩219,395   ← 의심: 수량 합계 값
     subtotal (DB)  : ₩658,185   ← 현재 (unit_price × qty 이중곱)
     customer_paid  : ₩227,500   (수량 합계, 고객 결제액)
     customer_paid/qty(1대): ₩75,833
     unit_price - cp/qty   : ₩143,562   (양수 = 이중곱 신호)
     정정 추정 subtotal    : ₩219,395
     부풀어 오른 금액      : ₩438,790

[3/13] YS-N-260525-032  (양동주)
     task_id        : 25f828af-5617-46ab-a043-cda024e93f5f
     status         : 확정
     completed_at   : (아님)
     created_at     : 2026-05-25T09:03:29.763298+00:00
     external_order : 2026050323588330
     qty            : 2
     unit_price     : ₩126,735   ← 의심: 수량 합계 값
     subtotal (DB)  : ₩253,470   ← 현재 (unit_price × qty 이중곱)
     customer_paid  : ₩134,200   (수량 합계, 고객 결제액)
     customer_paid/qty(1대): ₩67,100
     unit_price - cp/qty   : ₩59,635   (양수 = 이중곱 신호)
     정정 추정 subtotal    : ₩126,735
     부풀어 오른 금액      : ₩126,735

[4/13] YS-N-260525-041  (정인호)
     task_id        : c74adc32-286b-4e63-ba3e-27530227481d
     status         : 확정
     completed_at   : (아님)
     created_at     : 2026-05-25T09:03:30.55603+00:00
     external_order : 2026052557100460
     qty            : 2
     unit_price     : ₩18,888   ← 의심: 수량 합계 값
     subtotal (DB)  : ₩37,776   ← 현재 (unit_price × qty 이중곱)
     customer_paid  : ₩20,000   (수량 합계, 고객 결제액)
     customer_paid/qty(1대): ₩10,000
     unit_price - cp/qty   : ₩8,888   (양수 = 이중곱 신호)
     정정 추정 subtotal    : ₩18,888
     부풀어 오른 금액      : ₩18,888

[5/13] YS-N-260525-045  (김상협)
     task_id        : 0b5f96c2-861f-4f66-8d43-2129cf8a7d4a
     status         : 확정
     completed_at   : (아님)
     created_at     : 2026-05-25T09:38:14.775605+00:00
     external_order : 2026052557462000
     qty            : 3
     unit_price     : ₩28,332   ← 의심: 수량 합계 값
     subtotal (DB)  : ₩84,996   ← 현재 (unit_price × qty 이중곱)
     customer_paid  : ₩30,000   (수량 합계, 고객 결제액)
     customer_paid/qty(1대): ₩10,000
     unit_price - cp/qty   : ₩18,332   (양수 = 이중곱 신호)
     정정 추정 subtotal    : ₩28,332
     부풀어 오른 금액      : ₩56,664

[6/13] YS-N-260525-045  (김상협)
     task_id        : 0b5f96c2-861f-4f66-8d43-2129cf8a7d4a
     status         : 확정
     completed_at   : (아님)
     created_at     : 2026-05-25T09:38:14.775605+00:00
     external_order : 2026052557462000
     qty            : 2
     unit_price     : ₩140,240   ← 의심: 수량 합계 값
     subtotal (DB)  : ₩280,480   ← 현재 (unit_price × qty 이중곱)
     customer_paid  : ₩148,500   (수량 합계, 고객 결제액)
     customer_paid/qty(1대): ₩74,250
     unit_price - cp/qty   : ₩65,990   (양수 = 이중곱 신호)
     정정 추정 subtotal    : ₩140,240
     부풀어 오른 금액      : ₩140,240

[7/13] YS-N-260526-005  (조연선)
     task_id        : ac23acd6-5aa3-41f8-b4f9-e10bcc5a1c50
     status         : 확정
     completed_at   : (아님)
     created_at     : 2026-05-26T00:07:51.608064+00:00
     external_order : 2026052668997671
     qty            : 2
     unit_price     : ₩140,239   ← 의심: 수량 합계 값
     subtotal (DB)  : ₩280,478   ← 현재 (unit_price × qty 이중곱)
     customer_paid  : ₩148,500   (수량 합계, 고객 결제액)
     customer_paid/qty(1대): ₩74,250
     unit_price - cp/qty   : ₩65,989   (양수 = 이중곱 신호)
     정정 추정 subtotal    : ₩140,239
     부풀어 오른 금액      : ₩140,239

[8/13] YS-N-260526-004  (이수연)
     task_id        : 79fed6d6-cd64-457c-918c-c694f132d1b9
     status         : 배정
     completed_at   : (아님)
     created_at     : 2026-05-26T00:07:51.507918+00:00
     external_order : 2026052670149831
     qty            : 2
     unit_price     : ₩140,239   ← 의심: 수량 합계 값
     subtotal (DB)  : ₩280,478   ← 현재 (unit_price × qty 이중곱)
     customer_paid  : ₩148,500   (수량 합계, 고객 결제액)
     customer_paid/qty(1대): ₩74,250
     unit_price - cp/qty   : ₩65,989   (양수 = 이중곱 신호)
     정정 추정 subtotal    : ₩140,239
     부풀어 오른 금액      : ₩140,239

[9/13] YS-N-260526-008  (유해경)
     task_id        : aa19e094-894c-4fec-8598-6dbda8bd0875
     status         : 배정
     completed_at   : (아님)
     created_at     : 2026-05-26T00:07:51.779293+00:00
     external_order : 2026052566437031
     qty            : 2
     unit_price     : ₩178,014   ← 의심: 수량 합계 값
     subtotal (DB)  : ₩356,028   ← 현재 (unit_price × qty 이중곱)
     customer_paid  : ₩188,500   (수량 합계, 고객 결제액)
     customer_paid/qty(1대): ₩94,250
     unit_price - cp/qty   : ₩83,764   (양수 = 이중곱 신호)
     정정 추정 subtotal    : ₩178,014
     부풀어 오른 금액      : ₩178,014

[10/13] YS-N-260526-013  (신은경)
     task_id        : cc9017de-fc5e-4199-bdce-a1f0b6b0a8fc
     status         : 배정
     completed_at   : (아님)
     created_at     : 2026-05-26T00:07:52.092419+00:00
     external_order : 2026052562161031
     qty            : 2
     unit_price     : ₩178,014   ← 의심: 수량 합계 값
     subtotal (DB)  : ₩356,028   ← 현재 (unit_price × qty 이중곱)
     customer_paid  : ₩188,500   (수량 합계, 고객 결제액)
     customer_paid/qty(1대): ₩94,250
     unit_price - cp/qty   : ₩83,764   (양수 = 이중곱 신호)
     정정 추정 subtotal    : ₩178,014
     부풀어 오른 금액      : ₩178,014

[11/13] YS-N-260526-014  (길양란)
     task_id        : d717a58f-2b71-4755-b09e-983b97c75976
     status         : 배정
     completed_at   : (아님)
     created_at     : 2026-05-26T00:07:52.165024+00:00
     external_order : 2026052560675981
     qty            : 5
     unit_price     : ₩358,861   ← 의심: 수량 합계 값
     subtotal (DB)  : ₩1,794,305   ← 현재 (unit_price × qty 이중곱)
     customer_paid  : ₩380,000   (수량 합계, 고객 결제액)
     customer_paid/qty(1대): ₩76,000
     unit_price - cp/qty   : ₩282,861   (양수 = 이중곱 신호)
     정정 추정 subtotal    : ₩358,861
     부풀어 오른 금액      : ₩1,435,444

[12/13] YS-N-260526-027  (이해수)
     task_id        : ed6d5980-08f4-4b17-ac07-6153a49b1509
     status         : 배정
     completed_at   : (아님)
     created_at     : 2026-05-26T05:45:38.444621+00:00
     external_order : 2026052682134981
     qty            : 2
     unit_price     : ₩140,239   ← 의심: 수량 합계 값
     subtotal (DB)  : ₩280,478   ← 현재 (unit_price × qty 이중곱)
     customer_paid  : ₩148,500   (수량 합계, 고객 결제액)
     customer_paid/qty(1대): ₩74,250
     unit_price - cp/qty   : ₩65,989   (양수 = 이중곱 신호)
     정정 추정 subtotal    : ₩140,239
     부풀어 오른 금액      : ₩140,239

[13/13] YS-N-260526-039  (신정원)
     task_id        : 169cf856-9438-4c01-8ad9-0cf6b649983e
     status         : 배정
     completed_at   : (아님)
     created_at     : 2026-05-26T09:29:52.594816+00:00
     external_order : 2026052689961141
     qty            : 3
     unit_price     : ₩271,979   ← 의심: 수량 합계 값
     subtotal (DB)  : ₩815,937   ← 현재 (unit_price × qty 이중곱)
     customer_paid  : ₩288,000   (수량 합계, 고객 결제액)
     customer_paid/qty(1대): ₩96,000
     unit_price - cp/qty   : ₩175,979   (양수 = 이중곱 신호)
     정정 추정 subtotal    : ₩271,979
     부풀어 오른 금액      : ₩543,958

──────────────────────────────────────────────────────────────────────────────────────────────────────────────
합계
──────────────────────────────────────────────────────────────────────────────────────────────────────────────
  현재 subtotal 합 (13행):        ₩7,728,604
  정정 추정 합 (= unit_price 합): ₩2,391,168
  부풀어 오른 금액 총차이:        ₩5,337,436

──────────────────────────────────────────────────────────────────────────────────────────────────────────────
작업(task) 단위 집계 + status
──────────────────────────────────────────────────────────────────────────────────────────────────────────────
  영향 받은 task 수: 12건

  task_no            | 고객      | status   | 의심 행 | task 부풀림 합
  YS-N-260525-007    | 유준상      | 확정       |  1행    | ₩1,799,972
  YS-N-260525-030    | 정재현      | 배정       |  1행    | ₩438,790
  YS-N-260525-032    | 양동주      | 확정       |  1행    | ₩126,735
  YS-N-260525-041    | 정인호      | 확정       |  1행    | ₩18,888
  YS-N-260525-045    | 김상협      | 확정       |  2행    | ₩196,904
  YS-N-260526-005    | 조연선      | 확정       |  1행    | ₩140,239
  YS-N-260526-004    | 이수연      | 배정       |  1행    | ₩140,239
  YS-N-260526-008    | 유해경      | 배정       |  1행    | ₩178,014
  YS-N-260526-013    | 신은경      | 배정       |  1행    | ₩178,014
  YS-N-260526-014    | 길양란      | 배정       |  1행    | ₩1,435,444
  YS-N-260526-027    | 이해수      | 배정       |  1행    | ₩140,239
  YS-N-260526-039    | 신정원      | 배정       |  1행    | ₩543,958

  status별 task 수 + 부풀림 합:
    확정      : 5건 / ₩2,282,738
    배정      : 7건 / ₩3,054,698

  status='완료' task 없음 — payments 영향 0
