전체 usol_n task_items (페이지네이션): 1481행
  5/24 이전: 1322행
  5/25 이후: 159행

====================================================================================================
[A] 시기별 qty>=2 unit_price 의미 대조
====================================================================================================
5/24 이전 qty>=2: 135행  /  이중곱 0  /  정상 132  /  cp없음 3
5/25 이후 qty>=2: 14행  /  이중곱 13  /  정상 0  /  cp없음 1
  5/24 이전 평균 비율 unit_price/(cp/qty): 0.932  (1≈단가)
  5/25 이후 평균 비율 unit_price/(cp/qty): 2.547  (qty에 가까울수록 합계)

====================================================================================================
[B] ★ 5/25 이후 qty>=2 — 전부 이중곱인가 / 일부만인가
====================================================================================================
  5/25 이후 qty>=2 총 14행
    이중곱: 13행 (92.9%)
    정상  : 0행 (0.0%)
    cp없음: 1행

  ★ 판정: 5/25 이후 qty>=2 전부 이중곱 → 파서 일괄 수정 가능

  [5/24 이전 정상 샘플] (10건):
    YS-260519-020 | qty=2 | up=72717 | sub=145434 | cp=154000 | cp/qty=77000 | created=2026-05-20
    YS-260518-096 | qty=2 | up=89952 | sub=179904 | cp=190500 | cp/qty=95250 | created=2026-05-20
    YS-260518-083 | qty=3 | up=90502 | sub=271506 | cp=287500 | cp/qty=95833 | created=2026-05-20
    YS-260518-029 | qty=2 | up=72717 | sub=145434 | cp=154000 | cp/qty=77000 | created=2026-05-20
    YS-260518-042 | qty=2 | up=72717 | sub=145434 | cp=154000 | cp/qty=77000 | created=2026-05-20
    YS-260519-001 | qty=2 | up=89952 | sub=179904 | cp=190500 | cp/qty=95250 | created=2026-05-20
    YS-260519-001 | qty=2 | up=9444 | sub=18888 | cp=20000 | cp/qty=10000 | created=2026-05-20
    YS-260513-035 | qty=2 | up=75881 | sub=151762 | cp=160700 | cp/qty=80350 | created=2026-05-20
    YS-260517-097 | qty=2 | up=71064 | sub=142128 | cp=150500 | cp/qty=75250 | created=2026-05-20
    YS-260517-083 | qty=2 | up=72717 | sub=145434 | cp=154000 | cp/qty=77000 | created=2026-05-20

====================================================================================================
[C] INSERT 경로 — metadata.external_item_no 패턴
====================================================================================================
  5/25 이후 이중곱: external_item_no 있음=13 / 없음=0
  5/25 이후 정상  : external_item_no 있음=0 / 없음=0
  5/24 이전 정상  : external_item_no 있음=5 / 없음=127

  [의심 13행 metadata 샘플]
    YS-N-260525-007 | poid=2026052597133281 | metadata={"external_item_no":"2026052597133281"}
    YS-N-260525-030 | poid=2026052480967491 | metadata={"external_item_no":"2026052480967491"}
    YS-N-260525-032 | poid=2026050368909510 | metadata={"external_item_no":"2026050368909510"}
    YS-N-260525-041 | poid=2026052525726630 | metadata={"external_item_no":"2026052525726630"}
    YS-N-260525-045 | poid=2026052526250770 | metadata={"external_item_no":"2026052526250770"}
    YS-N-260525-045 | poid=2026052526250760 | metadata={"external_item_no":"2026052526250760"}
    YS-N-260526-005 | poid=2026052643906531 | metadata={"external_item_no":"2026052643906531"}
    YS-N-260526-004 | poid=2026052645702501 | metadata={"external_item_no":"2026052645702501"}
    YS-N-260526-008 | poid=2026052539763191 | metadata={"external_item_no":"2026052539763191"}
    YS-N-260526-013 | poid=2026052533091181 | metadata={"external_item_no":"2026052533091181"}
    YS-N-260526-014 | poid=2026052530922061 | metadata={"external_item_no":"2026052530922061"}
    YS-N-260526-027 | poid=2026052663672481 | metadata={"external_item_no":"2026052663672481"}
    YS-N-260526-039 | poid=2026052675530391 | metadata={"external_item_no":"2026052675530391"}

  [5/24 이전 정상 metadata 샘플 (5건)]
    YS-260519-020 | poid=2026051845420201 | metadata={"mig":"045","old_unit_price":30000}
    YS-260518-096 | poid=2026051833424511 | metadata={"mig":"045","old_unit_price":50000}
    YS-260518-083 | poid=2026051815527721 | metadata={"mig":"045","old_unit_price":50000}
    YS-260518-029 | poid=2026051810422431 | metadata={"mig":"045","old_unit_price":30000}
    YS-260518-042 | poid=2026051793370521 | metadata={"mig":"045","old_unit_price":30000}

====================================================================================================
[D] 같은 주문 내 합계 비교 — 의심 task의 ext_order_no별
====================================================================================================
  YS-N-260525-007 (1행) | Σsub=₩2,249,965 | Σup=₩449,993 | Σcp=₩476,500 | Σup/Σcp=0.944
  YS-N-260525-030 (1행) | Σsub=₩658,185 | Σup=₩219,395 | Σcp=₩227,500 | Σup/Σcp=0.964
  YS-N-260525-032 (1행) | Σsub=₩253,470 | Σup=₩126,735 | Σcp=₩134,200 | Σup/Σcp=0.944
  YS-N-260525-041 (2행) | Σsub=₩132,119 | Σup=₩113,231 | Σcp=₩119,900 | Σup/Σcp=0.944
  YS-N-260525-045 (3행) | Σsub=₩480,313 | Σup=₩283,409 | Σcp=₩300,100 | Σup/Σcp=0.944
  YS-N-260526-005 (1행) | Σsub=₩280,478 | Σup=₩140,239 | Σcp=₩148,500 | Σup/Σcp=0.944
  YS-N-260526-004 (2행) | Σsub=₩395,314 | Σup=₩255,075 | Σcp=₩270,100 | Σup/Σcp=0.944
  YS-N-260526-008 (1행) | Σsub=₩356,028 | Σup=₩178,014 | Σcp=₩188,500 | Σup/Σcp=0.944
  YS-N-260526-013 (2행) | Σsub=₩365,473 | Σup=₩187,459 | Σcp=₩198,500 | Σup/Σcp=0.944
  YS-N-260526-014 (2행) | Σsub=₩1,912,446 | Σup=₩477,002 | Σcp=₩505,100 | Σup/Σcp=0.944
  YS-N-260526-027 (2행) | Σsub=₩395,314 | Σup=₩255,075 | Σcp=₩270,100 | Σup/Σcp=0.944
  YS-N-260526-039 (3행) | Σsub=₩852,768 | Σup=₩308,810 | Σcp=₩327,000 | Σup/Σcp=0.944
