==============================================================================================================
김웅 2건 수동 완료 처리 드라이런 — UPDATE 미실행 / 표 + SQL 초안만
==============================================================================================================

[YS-260517-040] NOT FOUND

──────────────────────────────────────────────────────────────────────────────────────────────────────────────
[A] 2건 tasks 현재 상태
──────────────────────────────────────────────────────────────────────────────────────────────────────────────
task_no            | 고객 | status | scheduled_at        | started | completed | product_price | 취소?
YS-260517-041      | 김웅   | 배정     | NULL                | NULL | NULL | ₩  81594 | —

→ 둘 다 status='배정' + 취소 아님 확인 필요

──────────────────────────────────────────────────────────────────────────────────────────────────────────────
[B] 2건 payments 현재값
──────────────────────────────────────────────────────────────────────────────────────────────────────────────
task_no            | engineer  | principal | owner    | settled_at | calc_method
YS-260517-041      | ₩  47305 | ₩  12240 | ₩ 22049 | NULL (안전)  | usol_n_본작업

──────────────────────────────────────────────────────────────────────────────────────────────────────────────
[C] 2건 task_items + status='완료' 변환 시 예상 결과
──────────────────────────────────────────────────────────────────────────────────────────────────────────────

  YS-260517-041 (김웅) task_items: 2행
    work_type=냉매점검(단독) | appliance=NULL | order_type=추가선택 | qty=1 | unit_price=₩9,444 | subtotal=₩9,444
    work_type=세척_벽걸이 | appliance=벽걸이 | order_type=본작업 | qty=1 | unit_price=₩72,150 | subtotal=₩72,150

예상 compute_payment 동작 (Migration 071 v15):
  · status='배정'→'완료' UPDATE 시 compute_payment_trg (Mig 027) 발화
  · payments row 이미 존재 (배정 단계에서 자동 생성됨) → UPDATE
  · usol_n 본작업 산식 동일 적용 — engineer_amount 값 변동 거의 없음
  · settled_at NULL이라 송금 영향 없음

completed_at 자동 채움 트리거:
  · Migration 013 (assigned_at / scheduled_confirmed_at만 자동) — completed_at 트리거 없음
  · onStatusChange (AdminApp.jsx:2760)도 status만 보냄 — completed_at 누락
  · → SQL 직접 실행 시 completed_at 명시 입력 필요

──────────────────────────────────────────────────────────────────────────────────────────────────────────────
[D] 실행 SQL 초안 (Supabase SQL Editor용 / UPDATE 미실행)
──────────────────────────────────────────────────────────────────────────────────────────────────────────────

-- ============================================
-- 김웅 2건 수동 완료 처리
-- 작성일 : 2026-05-27
-- 배경   : 정훈 기사 현장 완료 / 시스템엔 status='배정' 남음
--          CSV상 5/22 작업 완료 (오후) — completed_at도 함께 채움
-- 안전   :
--   · status='배정'→'완료' 정상 방향 (역행 X)
--   · payments.settled_at = NULL (송금 전) → 재계산 안전
--   · compute_payment_trg가 status 변경 감지 → payments 자동 재계산
-- ============================================

-- [0] 사전 검증 — 현재값 확인
SELECT t.task_no, t.customer_name, t.status, t.scheduled_at, t.started_at, t.completed_at, t.product_price,
       p.engineer_amount, p.principal_amount, p.owner_amount, p.settled_at, p.calc_method
FROM tasks t
LEFT JOIN payments p ON p.task_id = t.id
WHERE t.task_no IN ('YS-260517-041', 'YS-260517-040');
-- 기대: 둘 다 status='배정', settled_at=NULL

-- [1] 수동 완료 UPDATE
BEGIN;

UPDATE tasks SET
  status         = '완료',
  scheduled_at   = COALESCE(scheduled_at, '2026-05-22 14:30:00+09'::timestamptz),  -- NULL이면 5/22 14:30 KST 채움
  completed_at   = '2026-05-22 14:30:00+09'::timestamptz,  -- CSV상 5/22 작업 완료
  updated_at     = now()
WHERE task_no IN ('YS-260517-041', 'YS-260517-040')
  AND status = '배정';  -- 가드: 취소 등 다른 상태면 적용 X

COMMIT;

-- [2] 사후 검증 — status / completed_at / payments 재계산 확인
SELECT t.task_no, t.customer_name, t.status, t.scheduled_at, t.completed_at, t.product_price,
       p.engineer_amount, p.principal_amount, p.owner_amount, p.settled_at, p.calc_method,
       p.updated_at AS payment_updated
FROM tasks t
LEFT JOIN payments p ON p.task_id = t.id
WHERE t.task_no IN ('YS-260517-041', 'YS-260517-040');
-- 기대:
--   · status='완료' (둘 다)
--   · completed_at = 2026-05-22 14:30 KST
--   · scheduled_at = 2026-05-22 14:30 KST (NULL이었던 경우)
--   · settled_at = NULL (송금 전 그대로)
--   · payment_updated = UPDATE 직후 시각 (trigger 발화 증거)
--   · engineer_amount = 기존값 ± 미세 (calc_method 동일)

-- [3] status_history 확인 — '배정→완료' 기록되는지
SELECT t.task_no, h.from_status, h.to_status, h.changed_at, h.changed_by
FROM status_history h
JOIN tasks t ON t.id = h.task_id
WHERE t.task_no IN ('YS-260517-041', 'YS-260517-040')
ORDER BY t.task_no, h.changed_at;
-- 기대: 각 task에 '배정→완료' 행 추가 (트리거 003 tasks_status_change 자동)

──────────────────────────────────────────────────────────────────────────────────────────────────────────────
[대안] 운영자 작업 상세 화면으로 처리
──────────────────────────────────────────────────────────────────────────────────────────────────────────────
  · 운영자 화면 → 작업 상세 진입 → 상태 알약 클릭 → '완료' 선택
  · 단점: onStatusChange가 completed_at을 채우지 X (status만 변경)
  · → 화면 처리 후 별도 SQL로 completed_at 보정 필요
  · SQL Editor 직접 실행이 더 깔끔
