============================================================================================================================================
usol_n 취소 작업 더블체크 — 10건 (8건 일괄 + 이보배 + 김민정)
작성일: 2026-05-27 / 사장님이 내일 기사님들과 대조용
============================================================================================================================================

────────────────────────────────────────────────────────────────────────────────────────────────────────────────────────────────────────────
[YS-260518-075] 김주연  (그룹: 5/22 일괄)
────────────────────────────────────────────────────────────────────────────────────────────────────────────────────────────────────────────
  배정 기사       : 김윤섭 (E008)
  scheduled_at    : 2026-05-20T23:30  (작업 예정일)
  started_at      : NULL
  completed_at    : NULL
  현재 status     : 취소
  변경 전 status  : 확정
  product_price   : ₩100,483
  external_order  : 2026051851249161
  cancel 보상     : kind=NULL  amount=₩0
  updated_at      : 2026-05-26T15:02:48
  payments        : engineer=₩63,027  principal=₩15,073  owner=₩22,383
  settled_at      : NULL (송금 전)
  calc_method     : usol_n_추가선택
  status_history  : 1건
      2026-05-22T22:23:47 | 확정 → 취소 | by=NULL
  task_changes    : 0건
  photos          : 0장
  비고            : 정산 전(보정 가능)

────────────────────────────────────────────────────────────────────────────────────────────────────────────────────────────────────────────
[YS-260517-058] 한은혜  (그룹: 5/22 일괄)
────────────────────────────────────────────────────────────────────────────────────────────────────────────────────────────────────────────
  배정 기사       : 전현진 (E019)
  scheduled_at    : 2026-05-20T09:30  (작업 예정일)
  started_at      : NULL
  completed_at    : NULL
  현재 status     : 취소
  변경 전 status  : 확정
  product_price   : ₩112,289
  external_order  : 2026051731154611
  cancel 보상     : kind=NULL  amount=₩0
  updated_at      : 2026-05-26T15:02:48
  payments        : engineer=₩70,586  principal=₩16,843  owner=₩24,860
  settled_at      : NULL (송금 전)
  calc_method     : usol_n_추가선택
  status_history  : 1건
      2026-05-22T22:23:47 | 확정 → 취소 | by=NULL
  task_changes    : 0건
  photos          : 0장
  비고            : 정산 전(보정 가능)

────────────────────────────────────────────────────────────────────────────────────────────────────────────────────────────────────────────
[YS-260517-027] 강인성  (그룹: 5/22 일괄)
────────────────────────────────────────────────────────────────────────────────────────────────────────────────────────────────────────────
  배정 기사       : 김윤섭 (E008)
  scheduled_at    : 2026-05-21T07:00  (작업 예정일)
  started_at      : NULL
  completed_at    : NULL
  현재 status     : 취소
  변경 전 status  : 확정
  product_price   : ₩75,928
  external_order  : 2026051721562531
  cancel 보상     : kind=NULL  amount=₩0
  updated_at      : 2026-05-26T15:02:48
  payments        : engineer=₩52,027  principal=₩11,390  owner=₩12,511
  settled_at      : NULL (송금 전)
  calc_method     : usol_n_추가선택
  status_history  : 1건
      2026-05-22T22:23:47 | 확정 → 취소 | by=NULL
  task_changes    : 0건
  photos          : 0장
  비고            : 정산 전(보정 가능)

────────────────────────────────────────────────────────────────────────────────────────────────────────────────────────────────────────────
[YS-260516-115] 김진산  (그룹: 5/22 일괄)
────────────────────────────────────────────────────────────────────────────────────────────────────────────────────────────────────────────
  배정 기사       : 정훈 (E021)
  scheduled_at    : 2026-05-21T04:30  (작업 예정일)
  started_at      : NULL
  completed_at    : NULL
  현재 status     : 취소
  변경 전 status  : 확정
  product_price   : ₩93,871
  external_order  : 2026051698147161
  cancel 보상     : kind=NULL  amount=₩0
  updated_at      : 2026-05-26T15:02:48
  payments        : engineer=₩67,279  principal=₩14,081  owner=₩12,511
  settled_at      : NULL (송금 전)
  calc_method     : usol_n_추가선택
  status_history  : 1건
      2026-05-22T22:23:47 | 확정 → 취소 | by=NULL
  task_changes    : 0건
  photos          : 0장
  비고            : 정산 전(보정 가능)

────────────────────────────────────────────────────────────────────────────────────────────────────────────────────────────────────────────
[YS-260516-021] 조용현  (그룹: 5/22 일괄)
────────────────────────────────────────────────────────────────────────────────────────────────────────────────────────────────────────────
  배정 기사       : 임종일 (E018)
  scheduled_at    : 2026-05-22T10:00  (작업 예정일)
  started_at      : NULL
  completed_at    : NULL
  현재 status     : 취소
  변경 전 status  : 확정
  product_price   : ₩88,677
  external_order  : 2026051587441021
  cancel 보상     : kind=NULL  amount=₩0
  updated_at      : 2026-05-26T15:02:48
  payments        : engineer=₩55,332  principal=₩13,302  owner=₩20,043
  settled_at      : NULL (송금 전)
  calc_method     : usol_n_추가선택
  status_history  : 1건
      2026-05-22T22:23:47 | 확정 → 취소 | by=NULL
  task_changes    : 0건
  photos          : 0장
  비고            : 정산 전(보정 가능)

────────────────────────────────────────────────────────────────────────────────────────────────────────────────────────────────────────────
[YS-260515-069] 임유진  (그룹: 5/22 일괄)
────────────────────────────────────────────────────────────────────────────────────────────────────────────────────────────────────────────
  배정 기사       : 양승문 (E015)
  scheduled_at    : 2026-05-20T08:15  (작업 예정일)
  started_at      : NULL
  completed_at    : NULL
  현재 status     : 취소
  변경 전 status  : 확정
  product_price   : ₩85,375
  external_order  : 2026051576990411
  cancel 보상     : kind=NULL  amount=₩0
  updated_at      : 2026-05-26T15:02:48
  payments        : engineer=₩55,334  principal=₩12,807  owner=₩17,234
  settled_at      : NULL (송금 전)
  calc_method     : usol_n_추가선택
  status_history  : 1건
      2026-05-22T22:23:47 | 확정 → 취소 | by=NULL
  task_changes    : 0건
  photos          : 0장
  비고            : 정산 전(보정 가능)

────────────────────────────────────────────────────────────────────────────────────────────────────────────────────────────────────────────
[YS-260515-009] 김난영  (그룹: 5/22 일괄)
────────────────────────────────────────────────────────────────────────────────────────────────────────────────────────────────────────────
  배정 기사       : 전현진 (E019)
  scheduled_at    : 2026-05-20T02:30  (작업 예정일)
  started_at      : NULL
  completed_at    : NULL
  현재 status     : 취소
  변경 전 status  : 확정
  product_price   : ₩75,928
  external_order  : 2026051463947531
  cancel 보상     : kind=NULL  amount=₩0
  updated_at      : 2026-05-26T15:02:48
  payments        : engineer=₩47,305  principal=₩11,390  owner=₩17,233
  settled_at      : NULL (송금 전)
  calc_method     : usol_n_본작업
  status_history  : 1건
      2026-05-22T22:23:47 | 확정 → 취소 | by=NULL
  task_changes    : 0건
  photos          : 0장
  비고            : 정산 전(보정 가능)

────────────────────────────────────────────────────────────────────────────────────────────────────────────────────────────────────────────
[YS-260513-005] 차진영  (그룹: 5/22 일괄)
────────────────────────────────────────────────────────────────────────────────────────────────────────────────────────────────────────────
  배정 기사       : 안승웅 (E014)
  scheduled_at    : 2026-05-23T05:00  (작업 예정일)
  started_at      : NULL
  completed_at    : NULL
  현재 status     : 취소
  변경 전 status  : 확정
  product_price   : ₩72,247
  external_order  : 2026051293919981
  cancel 보상     : kind=NULL  amount=₩0
  updated_at      : 2026-05-26T15:02:48
  payments        : engineer=₩52,028  principal=₩10,837  owner=₩9,382
  settled_at      : NULL (송금 전)
  calc_method     : usol_n_본작업
  status_history  : 1건
      2026-05-22T22:23:47 | 확정 → 취소 | by=NULL
  task_changes    : 0건
  photos          : 0장
  비고            : 정산 전(보정 가능)

────────────────────────────────────────────────────────────────────────────────────────────────────────────────────────────────────────────
[YS-260507-023] 이보배  (그룹: 특이(이보배))
────────────────────────────────────────────────────────────────────────────────────────────────────────────────────────────────────────────
  배정 기사       : 김윤섭 (E008)
  scheduled_at    : 2026-05-15T04:00  (작업 예정일)
  started_at      : NULL
  completed_at    : 2026-05-14T15:00
  현재 status     : 취소
  변경 전 status  : (이력 없음)
  product_price   : ₩130,700
  external_order  : 2026050734184791
  cancel 보상     : kind=NULL  amount=₩0
  updated_at      : 2026-05-26T15:02:48
  payments        : engineer=₩96,500  principal=₩20,014  owner=₩16,916
  settled_at      : NULL (송금 전)
  calc_method     : usol_n_본작업
  status_history  : 0건
  task_changes    : 0건
  photos          : 0장
  비고            : completed_at 채워짐 (작업 완료 흔적) / status_history 0건 (변경 이력 없음) / 정산 전(보정 가능)

────────────────────────────────────────────────────────────────────────────────────────────────────────────────────────────────────────────
[YS-260514-056] 김민정  (그룹: 5/25 별도(김민정))
────────────────────────────────────────────────────────────────────────────────────────────────────────────────────────────────────────────
  배정 기사       : 전현진 (E019)
  scheduled_at    : 2026-05-20T00:00  (작업 예정일)
  started_at      : NULL
  completed_at    : 2026-05-19T15:00
  현재 status     : 취소
  변경 전 status  : 완료
  product_price   : ₩0
  external_order  : 2026051451044461
  cancel 보상     : kind=none  amount=₩0
  updated_at      : 2026-05-26T15:02:48
  payments        : engineer=₩0  principal=₩0  owner=₩0
  settled_at      : NULL (송금 전)
  calc_method     : 취소_수고비
  status_history  : 1건
      2026-05-25T12:13:52 | 완료 → 취소 | by=NULL
  task_changes    : 0건
  photos          : 0장
  비고            : completed_at 채워짐 (작업 완료 흔적) / 정산 전(보정 가능) / 운영자가 cancel 보상 'none' 명시 설정


============================================================================================================================================
[압축 표] 한 눈에 보기
============================================================================================================================================
task_no            | 고객      | 기사    | 예정일      | started    | completed  | 변경전 → 현재 | engineer  | settled   | 비고
────────────────────────────────────────────────────────────────────────────────────────────────────────────────────────────────────────────────────────────────
YS-260518-075      | 김주연      | 김윤섭    | 2026-05-20 | —          | —          | 확정     → 취소 | ₩  63027 | NULL | —
YS-260517-058      | 한은혜      | 전현진    | 2026-05-20 | —          | —          | 확정     → 취소 | ₩  70586 | NULL | —
YS-260517-027      | 강인성      | 김윤섭    | 2026-05-21 | —          | —          | 확정     → 취소 | ₩  52027 | NULL | —
YS-260516-115      | 김진산      | 정훈     | 2026-05-21 | —          | —          | 확정     → 취소 | ₩  67279 | NULL | —
YS-260516-021      | 조용현      | 임종일    | 2026-05-22 | —          | —          | 확정     → 취소 | ₩  55332 | NULL | —
YS-260515-069      | 임유진      | 양승문    | 2026-05-20 | —          | —          | 확정     → 취소 | ₩  55334 | NULL | —
YS-260515-009      | 김난영      | 전현진    | 2026-05-20 | —          | —          | 확정     → 취소 | ₩  47305 | NULL | —
YS-260513-005      | 차진영      | 안승웅    | 2026-05-23 | —          | —          | 확정     → 취소 | ₩  52028 | NULL | —
YS-260507-023      | 이보배      | 김윤섭    | 2026-05-15 | 2026-05-14 | 2026-05-14 | (이력없음) → 취소 | ₩  96500 | NULL | ★done
YS-260514-056      | 김민정      | 전현진    | 2026-05-20 | 2026-05-19 | 2026-05-19 | 완료     → 취소 | ₩      0 | NULL | ★done
