[전체 usol_n task_items]: 0행
  5/24 이전 created (cut=2026-05-25T00:00:00Z): 0행
  5/25 이후 created                  : 0행

====================================================================================================
[A] 시기별 qty>=2 unit_price 의미 대조
====================================================================================================

  5/24 이전:
    qty>=2 전체: 0행
    이중곱 의심 (unit_price > cp/qty): 0행
    정상 (unit_price <= cp/qty)      : 0행

  5/25 이후:
    qty>=2 전체: 0행
    이중곱 의심 (unit_price > cp/qty): 0행
    정상 (unit_price <= cp/qty)      : 0행

====================================================================================================
[B] ★ 5/25 이후 qty>=2 전수 — 전부 이중곱인가 / 일부만인가
====================================================================================================
  5/25 이후 qty>=2 행 총 0개:
    이중곱  : 0행
    정상    : 0행

  [참고] 5/24 이전 qty>=2 정상 샘플 (10건):

====================================================================================================
[D] 같은 주문(external_order_no) 내 settlement 합 vs customer_paid 합 비교
====================================================================================================
  5/25 이후 이중곱 의심 task의 external_order_no 수: 0건

====================================================================================================
[C] INSERT 경로 추적 — 5/25 이후 의심 행의 metadata
====================================================================================================
